// Jest Snapshot v1, https://goo.gl/fbAQLP

exports[`<FavoritesLaunches/> should match the snapshot 1`] = `
<section
  className="row-span-5 flex flex-col mt-20 space-top-20 h-full"
>
  <h3
    className="page-title"
  >
    Favorites Launches
  </h3>
  <div
    className="favorites-wrapper overflow-y-hidden"
  >
    <div
      className="favorites-container"
    >
      <div>
        Save the world
      </div>
      <div>
        Save the other world
      </div>
    </div>
  </div>
</section>
`;
